// Jest Snapshot v1, https://goo.gl/fbAQLP

exports[`Search Button Snapshot Search button renders correctly 1`] = `
<View
  accessible={true}
  collapsable={false}
  focusable={false}
  onClick={[Function]}
  onResponderGrant={[Function]}
  onResponderMove={[Function]}
  onResponderRelease={[Function]}
  onResponderTerminate={[Function]}
  onResponderTerminationRequest={[Function]}
  onStartShouldSetResponder={[Function]}
  style={
    Object {
      "alignItems": "center",
      "borderRadius": 3000,
      "height": 50,
      "justifyContent": "center",
      "marginRight": 10,
      "opacity": 1,
      "paddingBottom": 10,
      "paddingLeft": 10,
      "paddingRight": 10,
      "paddingTop": 10,
      "width": 50,
    }
  }
>
  <Text />
</View>
`;
